---
source: src/qir/qsystem_ext.rs
expression: mod_str
---
; ModuleID = 'test_context'
source_filename = "test_context"

%QUBIT = type opaque
%RESULT = type opaque

define { %QUBIT*, { i32, {}, {} } } @_hl.main.1(%QUBIT* %0) {
alloca_block:
  br label %entry_block

entry_block:                                      ; preds = %alloca_block
  %1 = call %RESULT* @__quantum__qis__m__body(%QUBIT* %0)
  call void @__quantum__qis__reset__body(%QUBIT* %0)
  %2 = call i1 @__quantum__qis__read_result__body(%RESULT* %1)
  %3 = select i1 %2, { i32, {}, {} } { i32 1, {} poison, {} undef }, { i32, {}, {} } { i32 0, {} undef, {} poison }
  %mrv = insertvalue { %QUBIT*, { i32, {}, {} } } undef, %QUBIT* %0, 0
  %mrv6 = insertvalue { %QUBIT*, { i32, {}, {} } } %mrv, { i32, {}, {} } %3, 1
  ret { %QUBIT*, { i32, {}, {} } } %mrv6
}

declare %RESULT* @__quantum__qis__m__body(%QUBIT*)

declare void @__quantum__qis__reset__body(%QUBIT*)

declare i1 @__quantum__qis__read_result__body(%RESULT*)
