---
source: src/qir/qsystem_ext.rs
expression: mod_str
---
; ModuleID = 'test_context'
source_filename = "test_context"

%QUBIT = type opaque

define { %QUBIT*, %QUBIT* } @_hl.main.1(%QUBIT* %0, %QUBIT* %1, double %2) {
alloca_block:
  br label %entry_block

entry_block:                                      ; preds = %alloca_block
  call void @__quantum__qis__rzz__body(%QUBIT* %0, %QUBIT* %1)
  %mrv = insertvalue { %QUBIT*, %QUBIT* } undef, %QUBIT* %0, 0
  %mrv8 = insertvalue { %QUBIT*, %QUBIT* } %mrv, %QUBIT* %1, 1
  ret { %QUBIT*, %QUBIT* } %mrv8
}

declare void @__quantum__qis__rzz__body(%QUBIT*, %QUBIT*)
