---
source: src/qir/tket2_ext.rs
expression: mod_str
---
; ModuleID = 'test_context'
source_filename = "test_context"

%QUBIT = type opaque

define %QUBIT* @_hl.main.1() {
alloca_block:
  br label %entry_block

entry_block:                                      ; preds = %alloca_block
  %0 = call %QUBIT* @__quantum__rt__qubit_allocate()
  ret %QUBIT* %0
}

declare %QUBIT* @__quantum__rt__qubit_allocate()
