---
source: tests/guppy.rs
expression: stderr
---

